[tacoboy.com.au/index.html]
[backblue.gif]
[fade.gif]
[index.html]
[ajax.googleapis.com/ajax/libs/jquery/1.8.1/jquery.min.js]
[tacoboy.com.au/js/jquery.flexslider-min.js]
[tacoboy.com.au/images/announcement.jpg]
[tacoboy.com.au/images/tacoboy-nowopen.png]
[tacoboy.com.au/images/slide1.jpg]
[tacoboy.com.au/images/slide2.jpg]
[tacoboy.com.au/images/slide3.jpg]
[tacoboy.com.au/images/slide4.jpg]
[tacoboy.com.au/images/slide5.jpg]
[tacoboy.com.au/images/slide6.jpg]
[tacoboy.com.au/images/slide7.jpg]
[tacoboy.com.au/images/slide8.jpg]
[tacoboy.com.au/images/slide9.jpg]
[tacoboy.com.au/images/slide10.jpg]
[tacoboy.com.au/images/slide11.jpg]
[tacoboy.com.au/images/top-address-graphic.png]
[tacoboy.com.au/images/long-divider.png]
[tacoboy.com.au/images/style.png]
[tacoboy.com.au/images/short-line.png]
[tacoboy.com.au/images/salsa.png]
[tacoboy.com.au/images/chilli.png]
[tacoboy.com.au/images/chilli-con-carne.png]
[tacoboy.com.au/images/kidsmenu.png]
[tacoboy.com.au/images/filling.png]
[tacoboy.com.au/images/why-not-add.png]
[tacoboy.com.au/images/sides.png]
[tacoboy.com.au/images/hot-chips.png]
[tacoboy.com.au/images/salsa-chilli.png]
[tacoboy.com.au/images/bottom_address.png]
[tacoboy.com.au/index.html]
[tacoboy.com.au/font/hvd_comic_serif_pro-webfont.eot]
[tacoboy.com.au/font/hvd_comic_serif_pro-webfont.woff]
[tacoboy.com.au/font/hvd_comic_serif_pro-webfont.ttf]
[tacoboy.com.au/images/bg.jpg]
[tacoboy.com.au/css/style.css]
[tacoboy.com.au/images/arrows.png]
[tacoboy.com.au/css/slider.css]
[tacoboy.com.au/css/popup.css]
[tacoboy.com.au/font/hvd_comic_serif_pro-webfontd41d.eot]
[tacoboy.com.au/font/hvd_comic_serif_pro-webfont.svg]
