[mobile.tacoboy.com.au/index.html]
[backblue.gif]
[fade.gif]
[index.html]
[code.jquery.com/mobile/1.0/jquery.mobile-1.0.min.css]
[ajax.googleapis.com/ajax/libs/jquery/1.8.1/jquery.min.js]
[mobile.tacoboy.com.au/js/klass.min.js]
[mobile.tacoboy.com.au/js/code.photoswipe.jquery-3.0.4.min.js]
[code.jquery.com/jquery-1.6.4.min.js]
[code.jquery.com/mobile/1.0/jquery.mobile-1.0.min.js]
[mobile.tacoboy.com.au/js/custom.js]
[mobile.tacoboy.com.au/js/jquery.flexslider-min.js]
[mobile.tacoboy.com.au/images/announcement.jpg]
[mobile.tacoboy.com.au/images/slide1.jpg]
[mobile.tacoboy.com.au/images/slide2.jpg]
[mobile.tacoboy.com.au/images/slide3.jpg]
[mobile.tacoboy.com.au/images/logo.png]
[mobile.tacoboy.com.au/images/slide4.jpg]
[mobile.tacoboy.com.au/images/slide5.jpg]
[mobile.tacoboy.com.au/images/slide6.jpg]
[mobile.tacoboy.com.au/images/slide7.jpg]
[mobile.tacoboy.com.au/images/slide8.jpg]
[mobile.tacoboy.com.au/images/slide9.jpg]
[mobile.tacoboy.com.au/images/slide10.jpg]
[mobile.tacoboy.com.au/images/slide11.jpg]
[mobile.tacoboy.com.au/map.html]
[mobile.tacoboy.com.au/index-2.html]
[mobile.tacoboy.com.au/images/style.png]
[mobile.tacoboy.com.au/images/divider.png]
[mobile.tacoboy.com.au/images/filling.png]
[mobile.tacoboy.com.au/images/salsa.png]
[mobile.tacoboy.com.au/images/chilli.png]
[mobile.tacoboy.com.au/images/why-not-add.png]
[mobile.tacoboy.com.au/images/chilli-con-carne.png]
[mobile.tacoboy.com.au/images/sides.png]
[mobile.tacoboy.com.au/images/hot-chips.png]
[mobile.tacoboy.com.au/images/kidsmenu.png]
[mobile.tacoboy.com.au/index.html]
[code.jquery.com/mobile/1.0/images/icons-18-white.png]
[code.jquery.com/mobile/1.0/images/icons-18-black.png]
[code.jquery.com/mobile/1.0/images/icons-36-white.png]
[code.jquery.com/mobile/1.0/images/icons-36-black.png]
[code.jquery.com/mobile/1.0/images/ajax-loader.png]
[code.jquery.com/mobile/1.0/jquery.mobile-1.0.min.css]
[mobile.tacoboy.com.au/themes/images/icons-18-white.png]
[mobile.tacoboy.com.au/themes/images/icons-18-black.png]
[mobile.tacoboy.com.au/themes/images/icons-36-white.png]
[mobile.tacoboy.com.au/themes/images/icons-36-black.png]
[mobile.tacoboy.com.au/themes/images/ajax-loader.png]
[mobile.tacoboy.com.au/font/hvd_comic_serif_pro-webfont.eot]
[mobile.tacoboy.com.au/font/hvd_comic_serif_pro-webfont.woff]
[mobile.tacoboy.com.au/font/hvd_comic_serif_pro-webfont.ttf]
[mobile.tacoboy.com.au/themes/tacoboy.min.css]
[mobile.tacoboy.com.au/css/style.css]
[mobile.tacoboy.com.au/mobile.css]
[mobile.tacoboy.com.au/css/loader.png]
[mobile.tacoboy.com.au/css/error.png]
[mobile.tacoboy.com.au/images/icons.png]
[mobile.tacoboy.com.au/images/icons@2x.png]
[mobile.tacoboy.com.au/css/photoswipe.css]
[mobile.tacoboy.com.au/images/arrows.png]
[mobile.tacoboy.com.au/css/slider.css]
[mobile.tacoboy.com.au/css/popup.css]
[mobile.tacoboy.com.au/map.html]
[mobile.tacoboy.com.au/index-2.html]
[mobile.tacoboy.com.au/font/hvd_comic_serif_pro-webfontd41d.eot]
[mobile.tacoboy.com.au/font/hvd_comic_serif_pro-webfont.svg]
[mobile.tacoboy.com.au/images/salsa.png]
